{
    "preproc_t1_option": {
        "content": [
            {
                "0": [
                    [
                        {
                            "id": "test",
                            "single_end": false
                        },
                        "test_denoised.nii.gz:md5,ba910fdd1c9cc8f3d1c98b24dde522ef"
                    ]
                ],
                "1": [
                    [
                        {
                            "id": "test",
                            "single_end": false
                        },
                        "test__image_n4.nii.gz:md5,f9b1e5305c8c176c8ef72168b8a33f2d"
                    ]
                ],
                "2": [
                    [
                        {
                            "id": "test",
                            "single_end": false
                        },
                        "test__resampled.nii.gz:md5,ce7bf43f6baf3fb8928a34727d536a80"
                    ]
                ],
                "3": [
                    [
                        {
                            "id": "test",
                            "single_end": false
                        },
                        "test__t1_bet.nii.gz:md5,c303c87d5cc30323e628ba0a31a27f5c"
                    ]
                ],
                "4": [
                    [
                        {
                            "id": "test",
                            "single_end": false
                        },
                        "test__t1_bet_mask.nii.gz:md5,c74e5ac1afc877f2e4051d70b668427a"
                    ]
                ],
                "5": [
                    [
                        {
                            "id": "test",
                            "single_end": false
                        },
                        "test_t1_cropped_bbox.pkl:md5,8cb3708ea72d010a57fc6e4ba93308d0"
                    ]
                ],
                "6": [
                    [
                        {
                            "id": "test",
                            "single_end": false
                        },
                        "test_cropped.nii.gz:md5,3f711c4a82acf7d370a8f9849f319ae2"
                    ]
                ],
                "7": [
                    [
                        {
                            "id": "test",
                            "single_end": false
                        },
                        "test_t1_cropped.nii.gz:md5,b334782a2670846937ce60d35dade2d4"
                    ]
                ],
                "8": [
                    "versions.yml:md5,15044237a18a642d172b2bdb3abcad78",
                    "versions.yml:md5,37327d900785469fe8aba4e90c045be3",
                    "versions.yml:md5,6597a7973bba0ca9124596ffb1b85282",
                    "versions.yml:md5,792251134d89d9f82a5c75d6d323ae0f",
                    "versions.yml:md5,b2baa0cca8ea5661b95a16dd3e8b45ca",
                    "versions.yml:md5,c9425c1a9d1fc500e1d10f0997c0bae0"
                ],
                "crop_box": [
                    [
                        {
                            "id": "test",
                            "single_end": false
                        },
                        "test_t1_cropped_bbox.pkl:md5,8cb3708ea72d010a57fc6e4ba93308d0"
                    ]
                ],
                "image_N4": [
                    [
                        {
                            "id": "test",
                            "single_end": false
                        },
                        "test__image_n4.nii.gz:md5,f9b1e5305c8c176c8ef72168b8a33f2d"
                    ]
                ],
                "image_bet": [
                    [
                        {
                            "id": "test",
                            "single_end": false
                        },
                        "test__t1_bet.nii.gz:md5,c303c87d5cc30323e628ba0a31a27f5c"
                    ]
                ],
                "image_nlmeans": [
                    [
                        {
                            "id": "test",
                            "single_end": false
                        },
                        "test_denoised.nii.gz:md5,ba910fdd1c9cc8f3d1c98b24dde522ef"
                    ]
                ],
                "image_resample": [
                    [
                        {
                            "id": "test",
                            "single_end": false
                        },
                        "test__resampled.nii.gz:md5,ce7bf43f6baf3fb8928a34727d536a80"
                    ]
                ],
                "mask_bet": [
                    [
                        {
                            "id": "test",
                            "single_end": false
                        },
                        "test__t1_bet_mask.nii.gz:md5,c74e5ac1afc877f2e4051d70b668427a"
                    ]
                ],
                "mask_final": [
                    [
                        {
                            "id": "test",
                            "single_end": false
                        },
                        "test_cropped.nii.gz:md5,3f711c4a82acf7d370a8f9849f319ae2"
                    ]
                ],
                "t1_final": [
                    [
                        {
                            "id": "test",
                            "single_end": false
                        },
                        "test_t1_cropped.nii.gz:md5,b334782a2670846937ce60d35dade2d4"
                    ]
                ],
                "versions": [
                    "versions.yml:md5,15044237a18a642d172b2bdb3abcad78",
                    "versions.yml:md5,37327d900785469fe8aba4e90c045be3",
                    "versions.yml:md5,6597a7973bba0ca9124596ffb1b85282",
                    "versions.yml:md5,792251134d89d9f82a5c75d6d323ae0f",
                    "versions.yml:md5,b2baa0cca8ea5661b95a16dd3e8b45ca",
                    "versions.yml:md5,c9425c1a9d1fc500e1d10f0997c0bae0"
                ]
            }
        ],
        "meta": {
            "nf-test": "0.8.4",
            "nextflow": "23.10.1"
        },
        "timestamp": "2024-04-22T20:33:32.493594"
    },
    "preproc_t1_classic": {
        "content": [
            {
                "0": [
                    [
                        {
                            "id": "test",
                            "single_end": false
                        },
                        "test_denoised.nii.gz:md5,b6d25b37b1101fea5c77bbbc711757c3"
                    ]
                ],
                "1": [
                    [
                        {
                            "id": "test",
                            "single_end": false
                        },
                        "test__image_n4.nii.gz:md5,ef0d9af46aa1e330c5d7679ead500596"
                    ]
                ],
                "2": [
                    [
                        {
                            "id": "test",
                            "single_end": false
                        },
                        "test__resampled.nii.gz:md5,88bae6bfeea1734111621b437e09548d"
                    ]
                ],
                "3": [
                    [
                        {
                            "id": "test",
                            "single_end": false
                        },
                        "test__t1_bet.nii.gz:md5,016f12c75e3543c27987a91eb2160a19"
                    ]
                ],
                "4": [
                    [
                        {
                            "id": "test",
                            "single_end": false
                        },
                        "test__t1_bet_mask.nii.gz:md5,cf0cc416ca8b352d3cba58d9132ab0da"
                    ]
                ],
                "5": [
                    [
                        {
                            "id": "test",
                            "single_end": false
                        },
                        "test_t1_cropped_bbox.pkl:md5,64485c09488a1dca9ae86826eaa4afb9"
                    ]
                ],
                "6": [
                    [
                        {
                            "id": "test",
                            "single_end": false
                        },
                        "test_cropped.nii.gz:md5,aee59cb0bf2a4e14bfe116dc68be365b"
                    ]
                ],
                "7": [
                    [
                        {
                            "id": "test",
                            "single_end": false
                        },
                        "test_t1_cropped.nii.gz:md5,f4bea1286a90760eecf348dd9bffd2e6"
                    ]
                ],
                "8": [
                    "versions.yml:md5,15044237a18a642d172b2bdb3abcad78",
                    "versions.yml:md5,37327d900785469fe8aba4e90c045be3",
                    "versions.yml:md5,6597a7973bba0ca9124596ffb1b85282",
                    "versions.yml:md5,792251134d89d9f82a5c75d6d323ae0f",
                    "versions.yml:md5,b2baa0cca8ea5661b95a16dd3e8b45ca",
                    "versions.yml:md5,c9425c1a9d1fc500e1d10f0997c0bae0"
                ],
                "crop_box": [
                    [
                        {
                            "id": "test",
                            "single_end": false
                        },
                        "test_t1_cropped_bbox.pkl:md5,64485c09488a1dca9ae86826eaa4afb9"
                    ]
                ],
                "image_N4": [
                    [
                        {
                            "id": "test",
                            "single_end": false
                        },
                        "test__image_n4.nii.gz:md5,ef0d9af46aa1e330c5d7679ead500596"
                    ]
                ],
                "image_bet": [
                    [
                        {
                            "id": "test",
                            "single_end": false
                        },
                        "test__t1_bet.nii.gz:md5,016f12c75e3543c27987a91eb2160a19"
                    ]
                ],
                "image_nlmeans": [
                    [
                        {
                            "id": "test",
                            "single_end": false
                        },
                        "test_denoised.nii.gz:md5,b6d25b37b1101fea5c77bbbc711757c3"
                    ]
                ],
                "image_resample": [
                    [
                        {
                            "id": "test",
                            "single_end": false
                        },
                        "test__resampled.nii.gz:md5,88bae6bfeea1734111621b437e09548d"
                    ]
                ],
                "mask_bet": [
                    [
                        {
                            "id": "test",
                            "single_end": false
                        },
                        "test__t1_bet_mask.nii.gz:md5,cf0cc416ca8b352d3cba58d9132ab0da"
                    ]
                ],
                "mask_final": [
                    [
                        {
                            "id": "test",
                            "single_end": false
                        },
                        "test_cropped.nii.gz:md5,aee59cb0bf2a4e14bfe116dc68be365b"
                    ]
                ],
                "t1_final": [
                    [
                        {
                            "id": "test",
                            "single_end": false
                        },
                        "test_t1_cropped.nii.gz:md5,f4bea1286a90760eecf348dd9bffd2e6"
                    ]
                ],
                "versions": [
                    "versions.yml:md5,15044237a18a642d172b2bdb3abcad78",
                    "versions.yml:md5,37327d900785469fe8aba4e90c045be3",
                    "versions.yml:md5,6597a7973bba0ca9124596ffb1b85282",
                    "versions.yml:md5,792251134d89d9f82a5c75d6d323ae0f",
                    "versions.yml:md5,b2baa0cca8ea5661b95a16dd3e8b45ca",
                    "versions.yml:md5,c9425c1a9d1fc500e1d10f0997c0bae0"
                ]
            }
        ],
        "meta": {
            "nf-test": "0.8.4",
            "nextflow": "23.10.1"
        },
        "timestamp": "2024-04-22T20:08:50.082833"
    }
}