{
    "topup_eddy_rev_b0": {
        "content": [
            [
                [
                    {
                        "id": "test",
                        "single_end": false
                    },
                    "test__b0_bet_mask.nii.gz:md5,fc1f94e2a5e2cf5197d7fdc28a83ca28"
                ]
            ],
            [
                [
                    {
                        "id": "test",
                        "single_end": false
                    },
                    "test__bval_eddy:md5,8192e97b08e8032382397bb844b31892"
                ]
            ],
            [
                "versions.yml:md5,1210f8705c10f136e83e5f07c0d77b70",
                "versions.yml:md5,3e57e2f1a94bbabf9be75f50b4cbcdb0",
                "versions.yml:md5,f4dfd5f1c68f28be5dc9abe67eb673e4"
            ],
            "test__dwi_corrected.nii.gz",
            "test__dwi_eddy_corrected.bvec",
            "test_b0.nii.gz"
        ],
        "meta": {
            "nf-test": "0.8.4",
            "nextflow": "23.10.1"
        },
        "timestamp": "2024-04-29T16:45:05.559117"
    },
    "eddy": {
        "content": [
            [
                [
                    {
                        "id": "test",
                        "single_end": false
                    },
                    "test__b0_bet_mask.nii.gz:md5,3574cc8f29da429a0f610f2572c4886c"
                ]
            ],
            [
                [
                    {
                        "id": "test",
                        "single_end": false
                    },
                    "test__bval_eddy:md5,8192e97b08e8032382397bb844b31892"
                ]
            ],
            [
                "versions.yml:md5,1210f8705c10f136e83e5f07c0d77b70",
                "versions.yml:md5,f4dfd5f1c68f28be5dc9abe67eb673e4"
            ],
            "test__dwi_corrected.nii.gz",
            "test__dwi_eddy_corrected.bvec",
            "test_b0.nii.gz"
        ],
        "meta": {
            "nf-test": "0.8.4",
            "nextflow": "23.10.1"
        },
        "timestamp": "2024-04-29T16:43:47.157381"
    },
    "topup_eddy_rev_dwi": {
        "content": [
            [
                [
                    {
                        "id": "test",
                        "single_end": false
                    },
                    "test__b0_bet_mask.nii.gz:md5,fc1f94e2a5e2cf5197d7fdc28a83ca28"
                ]
            ],
            [
                [
                    {
                        "id": "test",
                        "single_end": false
                    },
                    "test__bval_eddy:md5,4c61c53078316c31b4d5daf446a3d6ac"
                ]
            ],
            [
                "versions.yml:md5,1210f8705c10f136e83e5f07c0d77b70",
                "versions.yml:md5,3e57e2f1a94bbabf9be75f50b4cbcdb0",
                "versions.yml:md5,f4dfd5f1c68f28be5dc9abe67eb673e4"
            ],
            "test__dwi_corrected.nii.gz",
            "test__dwi_eddy_corrected.bvec",
            "test_b0.nii.gz"
        ],
        "meta": {
            "nf-test": "0.8.4",
            "nextflow": "23.10.1"
        },
        "timestamp": "2024-04-29T16:46:43.753231"
    }
}